../Src/lib/espat.c:25:15:uartSend	40	static
../Src/lib/espat.c:47:15:uartReceive	40	static
../Src/lib/espat.c:73:18:espAt_readPin	16	static
../Src/lib/espat.c:86:6:espAt_writePin	16	static
../Src/lib/espat.c:100:6:espAt_delay	16	static
../Src/lib/espat.c:115:15:espAt_init	24	static
../Src/lib/espat.c:145:15:espAt_sendCommand	72	dynamic
../Src/lib/espat.c:181:15:espAt_sendParams	208	dynamic
../Src/lib/espat.c:249:15:espAt_sendQuery	80	dynamic
../Src/lib/espat.c:288:15:espAt_sendString	88	dynamic
../Src/lib/espat.c:343:15:espAt_sendComplex	256	dynamic
../Src/lib/espat.c:450:15:espAt_downloadResponse	40	static
../Src/lib/espat.c:501:18:espAt_returnResponseStatus	16	static
../Src/lib/espat.c:513:15:espAt_pullPhysicalAddress	32	static
../Src/lib/espat.c:544:15:espAt_defineEn	24	static
../Src/lib/espat.c:559:15:espAt_pwrOn	16	static
../Src/lib/espat.c:573:15:espAt_pwrOff	16	static
../Src/lib/espat.c:592:15:espAt_defineBoot	24	static
../Src/lib/espat.c:610:15:espAt_enterDownload	16	static
../Src/lib/espat.c:633:15:espAt_rst	16	static
