../Src/lib/espat.c:25:15:uartSend	40	static
../Src/lib/espat.c:43:15:uartReceive	40	static
../Src/lib/espat.c:59:18:espAt_readPin	16	static
../Src/lib/espat.c:66:6:espAt_writePin	16	static
../Src/lib/espat.c:75:6:espAt_delay	16	static
../Src/lib/espat.c:90:15:espAt_init	24	static
../Src/lib/espat.c:109:15:espAt_sendCommand	72	dynamic
../Src/lib/espat.c:145:15:espAt_sendParams	160	dynamic
../Src/lib/espat.c:215:15:espAt_sendString	88	dynamic
../Src/lib/espat.c:267:15:espAt_receive	24	static
../Src/lib/espat.c:275:15:espAt_defineEn	16	static
../Src/lib/espat.c:290:15:espAt_defineBoot	16	static
../Src/lib/espat.c:305:6:esp32download	8	static
../Src/lib/espat.c:316:6:esp32on	8	static
../Src/lib/espat.c:320:6:esp32off	8	static
../Src/lib/espat.c:324:6:esp32rst	8	static
