../Src/lib/espat.c:100:6:espAt_writePin.part.0	8	static
../Src/lib/espat.c:26:15:uartSend	8	static
../Src/lib/espat.c:44:15:uartReceive	16	static
../Src/lib/espat.c:65:15:uartReceiveDMA	8	static
../Src/lib/espat.c:87:18:espAt_readPin	8	static
../Src/lib/espat.c:100:6:espAt_writePin	8	static
../Src/lib/espat.c:114:6:espAt_delay	8	static
../Src/lib/espat.c:129:15:espAt_init	8	static
../Src/lib/espat.c:160:15:espAt_sendCommand	32	dynamic
../Src/lib/espat.c:196:15:espAt_sendParams	88	dynamic
../Src/lib/espat.c:266:15:espAt_sendString	40	dynamic
../Src/lib/espat.c:319:15:espAt_getResponse	32	static
../Src/lib/espat.c:373:15:espAt_getResponseDMA	32	static
../Src/lib/espat.c:435:15:espAt_defineEn	0	static
../Src/lib/espat.c:450:15:espAt_pwrOn	8	static
../Src/lib/espat.c:464:15:espAt_pwrOff	8	static
../Src/lib/espat.c:483:15:espAt_defineBoot	0	static
../Src/lib/espat.c:501:15:espAt_enterDownload	16	static
../Src/lib/espat.c:524:15:espAt_rst	8	static
