../Src/lib/lsm6ds.c:15:16:i2cSend	24	static
../Src/lib/lsm6ds.c:30:16:i2cReceive	24	static
../Src/lib/lsm6ds.c:51:16:modifyReg	48	static
../Src/lib/lsm6ds.c:88:16:lsm6ds_init	32	static
../Src/lib/lsm6ds.c:130:16:lsm6ds_setInt1Drdy	8	static
../Src/lib/lsm6ds.c:143:16:lsm6ds_setXLOutputDataRate	8	static
../Src/lib/lsm6ds.c:156:16:lsm6ds_setXLFullScale	8	static
../Src/lib/lsm6ds.c:169:16:lsm6ds_setGROutputDataRate	8	static
../Src/lib/lsm6ds.c:181:16:lsm6ds_setGRLowPass	16	static
../Src/lib/lsm6ds.c:201:16:lsm6ds_setGRFullScale	16	static
../Src/lib/lsm6ds.c:236:16:lsm6ds_reset	8	static
../Src/lib/lsm6ds.c:248:16:lsm6ds_sleepGR	8	static
../Src/lib/lsm6ds.c:259:16:lsm6ds_newDataAvailableCheck	16	static
../Src/lib/lsm6ds.c:274:16:lsm6ds_updateTemp	32	static
../Src/lib/lsm6ds.c:301:16:lsm6ds_updateXL	32	static
../Src/lib/lsm6ds.c:332:16:lsm6ds_updateGR	32	static
../Src/lib/lsm6ds.c:364:6:lsm6ds_flagDataReadySet	0	static
../Src/lib/lsm6ds.c:374:15:lsm6ds_flagDataReadyRead	0	static
